2025-06-17 14:05:50,284 - mainapp.logging_utils - INFO - Log file created: 2025-06-17_14-05-50.log
2025-06-17 14:05:50,285 - mainapp.apps - INFO - Django up
2025-06-17 14:05:50,361 - django.utils.autoreload - INFO - Watching for file changes with StatReloader
2025-06-17 14:05:51,669 - mainapp.logging_utils - INFO - [2025-06-17 14:05:51] Updating_invoices, params: True, True, True, 100, 200, 20, None, None, True, True, None, True, True
2025-06-17 14:05:54,155 - django.request - WARNING - Not Found: /favicon.ico
2025-06-17 14:05:54,889 - mainapp.logging_utils - INFO - [2025-06-17 14:05:54] get_documents: link: https://kabinet.dreamkas.ru/api/v1/documents?limit=100&filter[type]=5,13&filter[preset]=PAPER,DOCUMENTS&offset=None&filter[toAcceptedAt]=&filter[fromAcceptedAt]=
2025-06-17 14:05:54,889 - mainapp.logging_utils - INFO - [2025-06-17 14:05:54] Get request sent
2025-06-17 14:06:17,918 - mainapp.logging_utils - INFO - [2025-06-17 14:06:17] update_invoices: documents external fetched
2025-06-17 14:06:17,922 - mainapp.logging_utils - INFO - [2025-06-17 14:06:17] update_invoices: draft cleanup done
2025-06-17 14:06:18,018 - mainapp.logging_utils - INFO - [2025-06-17 14:06:18] update_invoices: invoices to create and update defined
2025-06-17 14:06:19,382 - mainapp.logging_utils - INFO - [2025-06-17 14:06:19] update_invoices: invoices to create and update prepared
2025-06-17 14:06:19,662 - mainapp.logging_utils - INFO - [2025-06-17 14:06:19] update_invoices: invoices created and updated
2025-06-17 14:06:19,662 - mainapp.logging_utils - INFO - [2025-06-17 14:06:19] update_invoices: getting positions
2025-06-17 14:06:19,663 - mainapp.logging_utils - INFO - [2025-06-17 14:06:19] Updating_invoices. Progress: 0 / 100
2025-06-17 14:06:23,422 - mainapp.logging_utils - INFO - [2025-06-17 14:06:23] Updating_invoices. Progress: 10 / 100
2025-06-17 14:06:26,764 - mainapp.logging_utils - INFO - [2025-06-17 14:06:26] Updating_invoices. Progress: 20 / 100
2025-06-17 14:06:30,015 - mainapp.logging_utils - INFO - [2025-06-17 14:06:30] Updating_invoices. Progress: 30 / 100
2025-06-17 14:06:32,512 - mainapp.logging_utils - INFO - [2025-06-17 14:06:32] Updating_invoices. Progress: 40 / 100
2025-06-17 14:06:43,229 - mainapp.logging_utils - INFO - [2025-06-17 14:06:43] Updating_invoices. Progress: 50 / 100
2025-06-17 14:06:46,176 - mainapp.logging_utils - INFO - [2025-06-17 14:06:46] Updating_invoices. Progress: 60 / 100
2025-06-17 14:06:49,100 - mainapp.logging_utils - INFO - [2025-06-17 14:06:49] Updating_invoices. Progress: 70 / 100
2025-06-17 14:06:55,045 - mainapp.logging_utils - INFO - [2025-06-17 14:06:55] Updating_invoices. Progress: 80 / 100
2025-06-17 14:07:02,338 - mainapp.logging_utils - INFO - [2025-06-17 14:07:02] Updating_invoices. Progress: 90 / 100
2025-06-17 14:07:07,065 - mainapp.logging_utils - INFO - [2025-06-17 14:07:07] update_invoices: positions to create and update defined
2025-06-17 14:07:09,022 - mainapp.logging_utils - INFO - [2025-06-17 14:07:09] get_documents: link: https://kabinet.dreamkas.ru/api/v1/documents?limit=200&filter[type]=11&filter[preset]=PAPER,DOCUMENTS&offset=None&filter[toAcceptedAt]=&filter[fromAcceptedAt]=
2025-06-17 14:07:09,022 - mainapp.logging_utils - INFO - [2025-06-17 14:07:09] Get request sent
