2025-06-17 03:14:26,112 - mainapp.logging_utils - INFO - Log file created: 2025-06-17_03-14-26.log
2025-06-17 03:14:26,113 - mainapp.apps - INFO - Django up
2025-06-17 03:14:26,168 - django.utils.autoreload - INFO - Watching for file changes with StatReloader
2025-06-17 03:14:26,980 - mainapp.logging_utils - INFO - [2025-06-17 03:14:26] Updating_invoices, params: True, True, True, 100, 200, 20, None, None, True, True, None, True, True
2025-06-17 03:14:29,140 - mainapp.logging_utils - INFO - [2025-06-17 03:14:29] get_documents: link: https://kabinet.dreamkas.ru/api/v1/documents?limit=100&filter[type]=5,13&filter[preset]=PAPER,DOCUMENTS&offset=None&filter[toAcceptedAt]=&filter[fromAcceptedAt]=
2025-06-17 03:14:29,141 - mainapp.logging_utils - INFO - [2025-06-17 03:14:29] Get request sent
2025-06-17 03:14:29,847 - mainapp.logging_utils - INFO - [2025-06-17 03:14:29] update_invoices: documents external fetched
2025-06-17 03:14:29,850 - mainapp.logging_utils - INFO - [2025-06-17 03:14:29] update_invoices: draft cleanup done
2025-06-17 03:14:29,945 - mainapp.logging_utils - INFO - [2025-06-17 03:14:29] update_invoices: invoices to create and update defined
2025-06-17 03:14:31,220 - mainapp.logging_utils - INFO - [2025-06-17 03:14:31] update_invoices: invoices to create and update prepared
2025-06-17 03:14:31,604 - mainapp.logging_utils - INFO - [2025-06-17 03:14:31] update_invoices: invoices created and updated
2025-06-17 03:14:31,604 - mainapp.logging_utils - INFO - [2025-06-17 03:14:31] update_invoices: getting positions
2025-06-17 03:14:31,605 - mainapp.logging_utils - INFO - [2025-06-17 03:14:31] Updating_invoices. Progress: 0 / 100
2025-06-17 03:14:34,170 - mainapp.logging_utils - INFO - [2025-06-17 03:14:34] Updating_invoices. Progress: 10 / 100
2025-06-17 03:14:37,261 - mainapp.logging_utils - INFO - [2025-06-17 03:14:37] Updating_invoices. Progress: 20 / 100
2025-06-17 03:14:46,856 - mainapp.logging_utils - INFO - [2025-06-17 03:14:46] Updating_invoices. Progress: 30 / 100
2025-06-17 03:14:49,806 - mainapp.logging_utils - INFO - [2025-06-17 03:14:49] Updating_invoices. Progress: 40 / 100
2025-06-17 03:14:53,014 - mainapp.logging_utils - INFO - [2025-06-17 03:14:53] Updating_invoices. Progress: 50 / 100
2025-06-17 03:15:00,611 - mainapp.logging_utils - INFO - [2025-06-17 03:15:00] Updating_invoices. Progress: 60 / 100
2025-06-17 03:15:04,997 - mainapp.logging_utils - INFO - [2025-06-17 03:15:04] Updating_invoices. Progress: 70 / 100
2025-06-17 03:15:11,314 - mainapp.logging_utils - INFO - [2025-06-17 03:15:11] Updating_invoices. Progress: 80 / 100
2025-06-17 03:15:13,717 - mainapp.logging_utils - INFO - [2025-06-17 03:15:13] Updating_invoices. Progress: 90 / 100
