2025-06-17 01:44:06,140 - mainapp.logging_utils - INFO - Log file created: 2025-06-17_01-44-06.log
2025-06-17 01:44:06,141 - mainapp.apps - INFO - Django up
2025-06-17 01:44:06,193 - django.utils.autoreload - INFO - Watching for file changes with StatReloader
2025-06-17 01:44:07,054 - mainapp.logging_utils - INFO - [2025-06-17 01:44:07] Updating_invoices, params: True, True, True, 100, 200, 20, None, None, True, True, None, True, True
2025-06-17 01:52:51,938 - mainapp.logging_utils - INFO - [2025-06-17 01:52:51] get_documents: link: https://kabinet.dreamkas.ru/api/v1/documents?limit=100&filter[type]=5,13&filter[preset]=PAPER,DOCUMENTS&offset=None&filter[toAcceptedAt]=&filter[fromAcceptedAt]=
2025-06-17 01:52:51,939 - mainapp.logging_utils - INFO - [2025-06-17 01:52:51] Get request sent
2025-06-17 01:52:52,563 - mainapp.logging_utils - INFO - [2025-06-17 01:52:52] update_invoices: documents external fetched
2025-06-17 01:52:52,567 - mainapp.logging_utils - INFO - [2025-06-17 01:52:52] update_invoices: draft cleanup done
2025-06-17 01:52:52,767 - mainapp.logging_utils - INFO - [2025-06-17 01:52:52] update_invoices: invoices to create and update defined
2025-06-17 01:52:54,004 - mainapp.logging_utils - INFO - [2025-06-17 01:52:54] update_invoices: invoices to create and update prepared
2025-06-17 01:52:54,310 - mainapp.logging_utils - INFO - [2025-06-17 01:52:54] update_invoices: invoices created and updated
2025-06-17 01:52:54,310 - mainapp.logging_utils - INFO - [2025-06-17 01:52:54] update_invoices: getting positions
2025-06-17 01:52:54,310 - mainapp.logging_utils - INFO - [2025-06-17 01:52:54] Updating_invoices. Progress: 0 / 100
2025-06-17 01:53:09,034 - mainapp.logging_utils - INFO - [2025-06-17 01:53:09] Updating_invoices. Progress: 10 / 100
2025-06-17 01:53:12,102 - mainapp.logging_utils - INFO - [2025-06-17 01:53:12] Updating_invoices. Progress: 20 / 100
2025-06-17 01:53:22,183 - mainapp.logging_utils - INFO - [2025-06-17 01:53:22] Updating_invoices. Progress: 30 / 100
2025-06-17 01:53:25,103 - mainapp.logging_utils - INFO - [2025-06-17 01:53:25] Updating_invoices. Progress: 40 / 100
2025-06-17 01:53:28,385 - mainapp.logging_utils - INFO - [2025-06-17 01:53:28] Updating_invoices. Progress: 50 / 100
2025-06-17 01:53:36,396 - mainapp.logging_utils - INFO - [2025-06-17 01:53:36] Updating_invoices. Progress: 60 / 100
2025-06-17 01:53:40,842 - mainapp.logging_utils - INFO - [2025-06-17 01:53:40] Updating_invoices. Progress: 70 / 100
2025-06-17 01:53:47,450 - mainapp.logging_utils - INFO - [2025-06-17 01:53:47] Updating_invoices. Progress: 80 / 100
2025-06-17 01:53:49,842 - mainapp.logging_utils - INFO - [2025-06-17 01:53:49] Updating_invoices. Progress: 90 / 100
2025-06-17 01:53:54,405 - mainapp.logging_utils - INFO - [2025-06-17 01:53:54] update_invoices: positions to create and update defined
2025-06-17 01:53:56,504 - mainapp.logging_utils - INFO - [2025-06-17 01:53:56] get_documents: link: https://kabinet.dreamkas.ru/api/v1/documents?limit=200&filter[type]=11&filter[preset]=PAPER,DOCUMENTS&offset=None&filter[toAcceptedAt]=&filter[fromAcceptedAt]=
2025-06-17 01:53:56,504 - mainapp.logging_utils - INFO - [2025-06-17 01:53:56] Get request sent
2025-06-17 01:55:32,974 - mainapp.logging_utils - INFO - [2025-06-17 01:55:32] get_documents: link: https://kabinet.dreamkas.ru/api/v1/documents?limit=20&filter[type]=7&filter[preset]=PAPER,DOCUMENTS&offset=None&filter[toAcceptedAt]=&filter[fromAcceptedAt]=
2025-06-17 01:55:32,974 - mainapp.logging_utils - INFO - [2025-06-17 01:55:32] Get request sent
