2025-06-17 19:29:09,727 - mainapp.logging_utils - INFO - Log file created: 2025-06-17_19-29-09.log
2025-06-17 19:29:09,727 - mainapp.apps - INFO - Django up
2025-06-17 19:29:09,781 - django.utils.autoreload - INFO - Watching for file changes with StatReloader
2025-06-17 19:35:55,559 - mainapp.logging_utils - INFO - [2025-06-17 19:35:52] Updating_invoices, params: True, True, True, 100, 200, 20, None, None, True, True, None, True, True
2025-06-17 19:36:46,368 - mainapp.logging_utils - INFO - [2025-06-17 19:36:46] get_documents: link: https://kabinet.dreamkas.ru/api/v1/documents?limit=100&filter[type]=5,13&filter[preset]=PAPER,DOCUMENTS&offset=None&filter[toAcceptedAt]=&filter[fromAcceptedAt]=
2025-06-17 19:36:46,368 - mainapp.logging_utils - INFO - [2025-06-17 19:36:46] Get request sent
2025-06-17 19:37:07,184 - mainapp.logging_utils - INFO - [2025-06-17 19:37:07] update_invoices: documents external fetched
2025-06-17 19:37:07,188 - mainapp.logging_utils - INFO - [2025-06-17 19:37:07] update_invoices: draft cleanup done
2025-06-17 19:37:07,279 - mainapp.logging_utils - INFO - [2025-06-17 19:37:07] update_invoices: invoices to create and update defined
2025-06-17 19:37:08,396 - mainapp.logging_utils - INFO - [2025-06-17 19:37:08] update_invoices: invoices to create and update prepared
2025-06-17 19:37:08,755 - mainapp.logging_utils - INFO - [2025-06-17 19:37:08] update_invoices: invoices created and updated
2025-06-17 19:37:08,755 - mainapp.logging_utils - INFO - [2025-06-17 19:37:08] update_invoices: getting positions
2025-06-17 19:37:08,756 - mainapp.logging_utils - INFO - [2025-06-17 19:37:08] Updating_invoices. Progress: 0 / 100
2025-06-17 19:37:11,850 - mainapp.logging_utils - INFO - [2025-06-17 19:37:11] Updating_invoices. Progress: 10 / 100
2025-06-17 19:37:15,115 - mainapp.logging_utils - INFO - [2025-06-17 19:37:15] Updating_invoices. Progress: 20 / 100
2025-06-17 19:37:18,507 - mainapp.logging_utils - INFO - [2025-06-17 19:37:18] Updating_invoices. Progress: 30 / 100
2025-06-17 19:37:21,262 - mainapp.logging_utils - INFO - [2025-06-17 19:37:21] Updating_invoices. Progress: 40 / 100
2025-06-17 19:37:23,809 - mainapp.logging_utils - INFO - [2025-06-17 19:37:23] Updating_invoices. Progress: 50 / 100
2025-06-17 19:37:25,491 - django.request - ERROR - Internal Server Error: /invoices_report/
Traceback (most recent call last):
  File "z:\dreamkas_new\venv\lib\site-packages\django\core\handlers\exception.py", line 55, in inner
    response = get_response(request)
  File "z:\dreamkas_new\venv\lib\site-packages\django\core\handlers\base.py", line 197, in _get_response
    response = wrapped_callback(request, *callback_args, **callback_kwargs)
  File "z:\dreamkas_new\venv\lib\site-packages\django\views\decorators\csrf.py", line 65, in _view_wrapper
    return view_func(request, *args, **kwargs)
  File "Z:\dreamkas_new\mainapp\views.py", line 1452, in invoices_report
    invoices = invoice_report(date_to)
  File "Z:\dreamkas_new\mainapp\Reports\invoice_report.py", line 49, in invoice_report
    if invoice.supplier_fk != None:
AttributeError: 'NoneType' object has no attribute 'supplier_fk'
2025-06-17 19:37:28,696 - django.request - ERROR - Internal Server Error: /invoices_report/
Traceback (most recent call last):
  File "z:\dreamkas_new\venv\lib\site-packages\django\core\handlers\exception.py", line 55, in inner
    response = get_response(request)
  File "z:\dreamkas_new\venv\lib\site-packages\django\core\handlers\base.py", line 197, in _get_response
    response = wrapped_callback(request, *callback_args, **callback_kwargs)
  File "z:\dreamkas_new\venv\lib\site-packages\django\views\decorators\csrf.py", line 65, in _view_wrapper
    return view_func(request, *args, **kwargs)
  File "Z:\dreamkas_new\mainapp\views.py", line 1452, in invoices_report
    invoices = invoice_report(date_to)
  File "Z:\dreamkas_new\mainapp\Reports\invoice_report.py", line 49, in invoice_report
    if invoice.supplier_fk != None:
AttributeError: 'NoneType' object has no attribute 'supplier_fk'
2025-06-17 19:37:29,207 - django.request - ERROR - Internal Server Error: /invoices_report/
Traceback (most recent call last):
  File "z:\dreamkas_new\venv\lib\site-packages\django\core\handlers\exception.py", line 55, in inner
    response = get_response(request)
  File "z:\dreamkas_new\venv\lib\site-packages\django\core\handlers\base.py", line 197, in _get_response
    response = wrapped_callback(request, *callback_args, **callback_kwargs)
  File "z:\dreamkas_new\venv\lib\site-packages\django\views\decorators\csrf.py", line 65, in _view_wrapper
    return view_func(request, *args, **kwargs)
  File "Z:\dreamkas_new\mainapp\views.py", line 1452, in invoices_report
    invoices = invoice_report(date_to)
  File "Z:\dreamkas_new\mainapp\Reports\invoice_report.py", line 49, in invoice_report
    if invoice.supplier_fk != None:
AttributeError: 'NoneType' object has no attribute 'supplier_fk'
2025-06-17 19:37:29,801 - django.request - ERROR - Internal Server Error: /invoices_report/
Traceback (most recent call last):
  File "z:\dreamkas_new\venv\lib\site-packages\django\core\handlers\exception.py", line 55, in inner
    response = get_response(request)
  File "z:\dreamkas_new\venv\lib\site-packages\django\core\handlers\base.py", line 197, in _get_response
    response = wrapped_callback(request, *callback_args, **callback_kwargs)
  File "z:\dreamkas_new\venv\lib\site-packages\django\views\decorators\csrf.py", line 65, in _view_wrapper
    return view_func(request, *args, **kwargs)
  File "Z:\dreamkas_new\mainapp\views.py", line 1452, in invoices_report
    invoices = invoice_report(date_to)
  File "Z:\dreamkas_new\mainapp\Reports\invoice_report.py", line 49, in invoice_report
    if invoice.supplier_fk != None:
AttributeError: 'NoneType' object has no attribute 'supplier_fk'
2025-06-17 19:37:33,689 - mainapp.logging_utils - INFO - [2025-06-17 19:37:33] Updating_invoices. Progress: 60 / 100
2025-06-17 19:37:37,647 - mainapp.logging_utils - INFO - [2025-06-17 19:37:37] Updating_invoices. Progress: 70 / 100
2025-06-17 19:37:40,360 - mainapp.logging_utils - INFO - [2025-06-17 19:37:40] Updating_invoices. Progress: 80 / 100
2025-06-17 19:37:45,953 - mainapp.logging_utils - INFO - [2025-06-17 19:37:45] Updating_invoices. Progress: 90 / 100
2025-06-17 19:37:53,339 - mainapp.logging_utils - INFO - [2025-06-17 19:37:53] update_invoices: positions to create and update defined
2025-06-17 19:37:55,397 - mainapp.logging_utils - INFO - [2025-06-17 19:37:55] get_documents: link: https://kabinet.dreamkas.ru/api/v1/documents?limit=200&filter[type]=11&filter[preset]=PAPER,DOCUMENTS&offset=None&filter[toAcceptedAt]=&filter[fromAcceptedAt]=
2025-06-17 19:37:55,397 - mainapp.logging_utils - INFO - [2025-06-17 19:37:55] Get request sent
2025-06-17 19:38:14,612 - django.request - ERROR - Internal Server Error: /invoices_report/
Traceback (most recent call last):
  File "z:\dreamkas_new\venv\lib\site-packages\django\core\handlers\exception.py", line 55, in inner
    response = get_response(request)
  File "z:\dreamkas_new\venv\lib\site-packages\django\core\handlers\base.py", line 197, in _get_response
    response = wrapped_callback(request, *callback_args, **callback_kwargs)
  File "z:\dreamkas_new\venv\lib\site-packages\django\views\decorators\csrf.py", line 65, in _view_wrapper
    return view_func(request, *args, **kwargs)
  File "Z:\dreamkas_new\mainapp\views.py", line 1452, in invoices_report
    invoices = invoice_report(date_to)
  File "Z:\dreamkas_new\mainapp\Reports\invoice_report.py", line 49, in invoice_report
    if invoice.supplier_fk != None:
AttributeError: 'NoneType' object has no attribute 'supplier_fk'
2025-06-17 19:39:02,055 - django.request - ERROR - Internal Server Error: /invoices_report/
Traceback (most recent call last):
  File "z:\dreamkas_new\venv\lib\site-packages\django\core\handlers\exception.py", line 55, in inner
    response = get_response(request)
  File "z:\dreamkas_new\venv\lib\site-packages\django\core\handlers\base.py", line 197, in _get_response
    response = wrapped_callback(request, *callback_args, **callback_kwargs)
  File "z:\dreamkas_new\venv\lib\site-packages\django\views\decorators\csrf.py", line 65, in _view_wrapper
    return view_func(request, *args, **kwargs)
  File "Z:\dreamkas_new\mainapp\views.py", line 1452, in invoices_report
    invoices = invoice_report(date_to)
  File "Z:\dreamkas_new\mainapp\Reports\invoice_report.py", line 49, in invoice_report
    if invoice.supplier_fk != None:
AttributeError: 'NoneType' object has no attribute 'supplier_fk'
2025-06-17 19:39:26,929 - django.request - ERROR - Internal Server Error: /invoices_report/
Traceback (most recent call last):
  File "z:\dreamkas_new\venv\lib\site-packages\django\core\handlers\exception.py", line 55, in inner
    response = get_response(request)
  File "z:\dreamkas_new\venv\lib\site-packages\django\core\handlers\base.py", line 197, in _get_response
    response = wrapped_callback(request, *callback_args, **callback_kwargs)
  File "z:\dreamkas_new\venv\lib\site-packages\django\views\decorators\csrf.py", line 65, in _view_wrapper
    return view_func(request, *args, **kwargs)
  File "Z:\dreamkas_new\mainapp\views.py", line 1452, in invoices_report
    invoices = invoice_report(date_to)
  File "Z:\dreamkas_new\mainapp\Reports\invoice_report.py", line 49, in invoice_report
    if invoice.supplier_fk != None:
AttributeError: 'NoneType' object has no attribute 'supplier_fk'
2025-06-17 19:44:49,474 - django.utils.autoreload - INFO - Z:\dreamkas_new\mainapp\Dreamkas_documents\update_invoices.py changed, reloading.
2025-06-17 19:47:30,717 - django.request - ERROR - Internal Server Error: /invoices_report/
Traceback (most recent call last):
  File "z:\dreamkas_new\venv\lib\site-packages\django\core\handlers\exception.py", line 55, in inner
    response = get_response(request)
  File "z:\dreamkas_new\venv\lib\site-packages\django\core\handlers\base.py", line 197, in _get_response
    response = wrapped_callback(request, *callback_args, **callback_kwargs)
  File "z:\dreamkas_new\venv\lib\site-packages\django\views\decorators\csrf.py", line 65, in _view_wrapper
    return view_func(request, *args, **kwargs)
  File "Z:\dreamkas_new\mainapp\views.py", line 1452, in invoices_report
    invoices = invoice_report(date_to)
  File "Z:\dreamkas_new\mainapp\Reports\invoice_report.py", line 49, in invoice_report
    if invoice.supplier_fk != None:
AttributeError: 'NoneType' object has no attribute 'supplier_fk'
